// Jest Snapshot v1, https://goo.gl/fbAQLP

exports[`PeerReview matches snapshot 1`] = `
<div>
  <div
    class="flex flex-col relative overflow-hidden height-auto text-foreground box-border bg-content1 outline-none data-[focus-visible=true]:z-10 data-[focus-visible=true]:outline-2 data-[focus-visible=true]:outline-focus data-[focus-visible=true]:outline-offset-2 shadow-none rounded-large w-full transition-transform-background motion-reduce:transition-none"
    tabindex="-1"
  >
    <div
      class="p-3 z-10 w-full justify-start shrink-0 overflow-inherit color-inherit subpixel-antialiased rounded-t-large flex gap-x-2 items-baseline"
    >
      <div
        class="group relative overflow-hidden bg-content3 dark:bg-content2 before:opacity-100 before:absolute before:inset-0 before:-translate-x-full before:animate-[shimmer_2s_infinite] before:border-t before:border-content4/30 before:bg-gradient-to-r before:from-transparent before:via-content4 dark:before:via-default-700/10 before:to-transparent after:opacity-100 after:absolute after:inset-0 after:-z-10 after:bg-content3 dark:after:bg-content2 data-[loaded=true]:!bg-transparent data-[loaded=true]:before:opacity-0 data-[loaded=true]:before:animate-none data-[loaded=true]:after:opacity-0 transition-background !duration-300 before:transition-opacity before:!duration-300 rounded-lg"
        data-loaded="true"
      >
        <div
          class="opacity-0 group-data-[loaded=true]:opacity-100 transition-opacity motion-reduce:transition-none !duration-300"
        >
          <h6
            class="text-neutral-400"
          >
            Review made on 
            Invalid Date
          </h6>
        </div>
      </div>
    </div>
    <div
      class="relative flex p-3 flex-auto flex-col place-content-inherit align-items-inherit h-auto break-words text-left overflow-y-auto subpixel-antialiased w-full"
    >
      <div
        class="group relative overflow-hidden bg-content3 dark:bg-content2 before:opacity-100 before:absolute before:inset-0 before:-translate-x-full before:animate-[shimmer_2s_infinite] before:border-t before:border-content4/30 before:bg-gradient-to-r before:from-transparent before:via-content4 dark:before:via-default-700/10 before:to-transparent after:opacity-100 after:absolute after:inset-0 after:-z-10 after:bg-content3 dark:after:bg-content2 data-[loaded=true]:!bg-transparent data-[loaded=true]:before:opacity-0 data-[loaded=true]:before:animate-none data-[loaded=true]:after:opacity-0 transition-background !duration-300 before:transition-opacity before:!duration-300 rounded-lg"
        data-loaded="true"
      >
        <div
          class="opacity-0 group-data-[loaded=true]:opacity-100 transition-opacity motion-reduce:transition-none !duration-300"
        >
          <p>
            Lorem ipsum dolor sit amet, consectetur adipiscing elit. In in felis et nibh commodo suscipit aliquam et tellus. Integer mattis mauris vitae sem laoreet vulputate. Maecenas iaculis lacus at convallis bibendum. Nunc porttitor auctor aliquam. Aliquam erat volutpat. Morbi dictum scelerisque mattis. Sed vel dolor lorem. Sed posuere, risus nec tincidunt ultricies, augue libero porta nibh, in venenatis elit risus vel ante. Maecenas placerat nisl non lacus viverra lobortis. Fusce pharetra finibus nisl. Sed sit amet ultrices massa. Proin molestie tincidunt sapien, ut aliquam felis fermentum vel. Interdum et malesuada fames ac ante ipsum primis in faucibus.
          </p>
        </div>
      </div>
    </div>
    <div
      class="p-3 h-auto flex w-full items-center overflow-hidden color-inherit subpixel-antialiased rounded-b-large"
    >
      <div
        class="group relative overflow-hidden bg-content3 dark:bg-content2 before:opacity-100 before:absolute before:inset-0 before:-translate-x-full before:animate-[shimmer_2s_infinite] before:border-t before:border-content4/30 before:bg-gradient-to-r before:from-transparent before:via-content4 dark:before:via-default-700/10 before:to-transparent after:opacity-100 after:absolute after:inset-0 after:-z-10 after:bg-content3 dark:after:bg-content2 data-[loaded=true]:!bg-transparent data-[loaded=true]:before:opacity-0 data-[loaded=true]:before:animate-none data-[loaded=true]:after:opacity-0 transition-background !duration-300 before:transition-opacity before:!duration-300 rounded-full"
        data-loaded="true"
      >
        <div
          class="opacity-0 group-data-[loaded=true]:opacity-100 transition-opacity motion-reduce:transition-none !duration-300"
        >
          <svg
            aria-hidden="true"
            class="size-5 text-success"
            data-slot="icon"
            data-testid="review-chip-accept"
            fill="currentColor"
            viewBox="0 0 16 16"
            xmlns="http://www.w3.org/2000/svg"
          >
            <path
              clip-rule="evenodd"
              d="M8 15A7 7 0 1 0 8 1a7 7 0 0 0 0 14Zm3.844-8.791a.75.75 0 0 0-1.188-.918l-3.7 4.79-1.649-1.833a.75.75 0 1 0-1.114 1.004l2.25 2.5a.75.75 0 0 0 1.15-.043l4.25-5.5Z"
              fill-rule="evenodd"
            />
          </svg>
        </div>
      </div>
      <div
        class="group relative overflow-hidden bg-content3 dark:bg-content2 before:opacity-100 before:absolute before:inset-0 before:-translate-x-full before:animate-[shimmer_2s_infinite] before:border-t before:border-content4/30 before:bg-gradient-to-r before:from-transparent before:via-content4 dark:before:via-default-700/10 before:to-transparent after:opacity-100 after:absolute after:inset-0 after:-z-10 after:bg-content3 dark:after:bg-content2 data-[loaded=true]:!bg-transparent data-[loaded=true]:before:opacity-0 data-[loaded=true]:before:animate-none data-[loaded=true]:after:opacity-0 transition-background !duration-300 before:transition-opacity before:!duration-300 rounded-lg"
        data-loaded="true"
      >
        <div
          class="opacity-0 group-data-[loaded=true]:opacity-100 transition-opacity motion-reduce:transition-none !duration-300"
        >
          <h3
            class="text-success font-semibold ml-2"
          >
            Approved
          </h3>
        </div>
      </div>
    </div>
  </div>
</div>
`;
