// Jest Snapshot v1, https://goo.gl/fbAQLP

exports[`BranchCardHeader matches snapshot when status is accepted 1`] = `
<div>
  <div
    class="flex flex-col relative overflow-hidden height-auto text-foreground box-border bg-content1 outline-none data-[focus-visible=true]:z-10 data-[focus-visible=true]:outline-2 data-[focus-visible=true]:outline-focus data-[focus-visible=true]:outline-offset-2 shadow-medium rounded-large transition-transform-background motion-reduce:transition-none"
    tabindex="-1"
  >
    <div
      class="flex p-3 z-10 w-full justify-start items-center shrink-0 overflow-inherit color-inherit subpixel-antialiased rounded-t-large"
    >
      <h1
        class="font-semibold"
      >
        New title
      </h1>
    </div>
    <div
      class="p-3 z-10 w-full justify-start items-center shrink-0 overflow-inherit color-inherit subpixel-antialiased rounded-t-large -mt-4 flex gap-8"
    >
      <div
        class="inline-flex items-center justify-center h-auto"
        role="group"
      >
        <button
          class="z-0 group relative inline-flex items-center justify-center box-border appearance-none select-none whitespace-nowrap font-normal subpixel-antialiased overflow-hidden tap-highlight-transparent outline-none data-[focus-visible=true]:z-10 data-[focus-visible=true]:outline-2 data-[focus-visible=true]:outline-focus data-[focus-visible=true]:outline-offset-2 px-4 min-w-20 h-10 text-small gap-2 opacity-disabled pointer-events-none [&:not(:first-child):not(:last-child)]:rounded-none [&>svg]:max-w-[theme(spacing.8)] data-[pressed=true]:scale-[0.97] transition-transform-colors-opacity motion-reduce:transition-none bg-default text-default-foreground rounded-none first:rounded-s-medium last:rounded-e-medium data-[hover=true]:opacity-hover"
          data-disabled="true"
          disabled=""
          type="button"
        >
          Contents
        </button>
        <div
          aria-orientation="vertical"
          class="shrink-0 bg-divider border-none h-full w-divider"
          data-orientation="vertical"
          role="separator"
        />
        <button
          class="z-0 group relative inline-flex items-center justify-center box-border appearance-none select-none whitespace-nowrap font-normal subpixel-antialiased overflow-hidden tap-highlight-transparent outline-none data-[focus-visible=true]:z-10 data-[focus-visible=true]:outline-2 data-[focus-visible=true]:outline-focus data-[focus-visible=true]:outline-offset-2 px-4 min-w-20 h-10 text-small gap-2 [&:not(:first-child):not(:last-child)]:rounded-none [&>svg]:max-w-[theme(spacing.8)] data-[pressed=true]:scale-[0.97] transition-transform-colors-opacity motion-reduce:transition-none bg-default text-default-foreground rounded-none first:rounded-s-medium last:rounded-e-medium data-[hover=true]:opacity-hover"
          type="button"
        >
          Files
        </button>
      </div>
      <button
        class="z-0 group relative inline-flex items-center justify-center box-border appearance-none select-none whitespace-nowrap font-normal subpixel-antialiased overflow-hidden tap-highlight-transparent outline-none data-[focus-visible=true]:z-10 data-[focus-visible=true]:outline-2 data-[focus-visible=true]:outline-focus data-[focus-visible=true]:outline-offset-2 text-small gap-2 rounded-medium px-0 !gap-0 data-[pressed=true]:scale-[0.97] transition-transform-colors-opacity motion-reduce:transition-none bg-default text-default-foreground min-w-10 w-10 h-10 data-[hover=true]:opacity-hover"
        type="button"
      >
        <svg
          aria-hidden="true"
          class="size-6"
          data-slot="icon"
          fill="currentColor"
          viewBox="0 0 20 20"
          xmlns="http://www.w3.org/2000/svg"
        >
          <path
            clip-rule="evenodd"
            d="M5.5 17a4.5 4.5 0 0 1-1.44-8.765 4.5 4.5 0 0 1 8.302-3.046 3.5 3.5 0 0 1 4.504 4.272A4 4 0 0 1 15 17H5.5Zm5.25-9.25a.75.75 0 0 0-1.5 0v4.59l-1.95-2.1a.75.75 0 1 0-1.1 1.02l3.25 3.5a.75.75 0 0 0 1.1 0l3.25-3.5a.75.75 0 1 0-1.1-1.02l-1.95 2.1V7.75Z"
            fill-rule="evenodd"
          />
        </svg>
      </button>
      <button
        class="z-0 group relative inline-flex items-center justify-center box-border appearance-none select-none whitespace-nowrap font-normal subpixel-antialiased overflow-hidden tap-highlight-transparent outline-none data-[focus-visible=true]:z-10 data-[focus-visible=true]:outline-2 data-[focus-visible=true]:outline-focus data-[focus-visible=true]:outline-offset-2 px-4 min-w-20 h-10 text-small gap-2 rounded-medium opacity-disabled pointer-events-none [&>svg]:max-w-[theme(spacing.8)] data-[pressed=true]:scale-[0.97] transition-transform-colors-opacity motion-reduce:transition-none bg-default text-default-foreground data-[hover=true]:opacity-hover"
        data-disabled="true"
        disabled=""
        type="button"
      >
        Fork
      </button>
      <div
        class="grow"
      />
      <div
        class="flex-col"
      >
        <h6
          class="text-neutral-400"
        >
          Completion
        </h6>
        <div
          class="relative max-w-fit min-w-min inline-flex items-center justify-between box-border whitespace-nowrap px-1 h-7 text-small rounded-full bg-default text-default-foreground"
        >
          <span
            class="flex-1 text-inherit font-normal px-2"
          >
            Ongoing
          </span>
        </div>
      </div>
      <div
        class="flex-col"
      >
        <h6
          class="text-neutral-400"
        >
          Status
        </h6>
        <div
          class="relative max-w-fit min-w-min inline-flex items-center justify-between box-border whitespace-nowrap px-1 h-7 text-small rounded-full bg-default text-default-foreground"
        >
          <span
            class="flex-1 text-inherit font-normal px-2"
          >
            Peer reviewed
          </span>
        </div>
      </div>
      <div
        class="flex-col"
      >
        <h6
          class="text-neutral-400"
        >
          Created on 
          16/06/2024
        </h6>
        <h6
          class="text-neutral-400"
        >
          Accepted on 16/06/2024
        </h6>
      </div>
    </div>
  </div>
</div>
`;

exports[`BranchCardHeader matches snapshot when status is open 1`] = `
<div>
  <div
    class="flex flex-col relative overflow-hidden height-auto text-foreground box-border bg-content1 outline-none data-[focus-visible=true]:z-10 data-[focus-visible=true]:outline-2 data-[focus-visible=true]:outline-focus data-[focus-visible=true]:outline-offset-2 shadow-medium rounded-large transition-transform-background motion-reduce:transition-none"
    tabindex="-1"
  >
    <div
      class="flex p-3 z-10 w-full justify-start items-center shrink-0 overflow-inherit color-inherit subpixel-antialiased rounded-t-large"
    >
      <h1
        class="font-semibold"
      >
        New title
      </h1>
    </div>
    <div
      class="p-3 z-10 w-full justify-start items-center shrink-0 overflow-inherit color-inherit subpixel-antialiased rounded-t-large -mt-4 flex gap-8"
    >
      <div
        class="inline-flex items-center justify-center h-auto"
        role="group"
      >
        <button
          class="z-0 group relative inline-flex items-center justify-center box-border appearance-none select-none whitespace-nowrap font-normal subpixel-antialiased overflow-hidden tap-highlight-transparent outline-none data-[focus-visible=true]:z-10 data-[focus-visible=true]:outline-2 data-[focus-visible=true]:outline-focus data-[focus-visible=true]:outline-offset-2 px-4 min-w-20 h-10 text-small gap-2 opacity-disabled pointer-events-none [&:not(:first-child):not(:last-child)]:rounded-none [&>svg]:max-w-[theme(spacing.8)] data-[pressed=true]:scale-[0.97] transition-transform-colors-opacity motion-reduce:transition-none bg-default text-default-foreground rounded-none first:rounded-s-medium last:rounded-e-medium data-[hover=true]:opacity-hover"
          data-disabled="true"
          disabled=""
          type="button"
        >
          Contents
        </button>
        <div
          aria-orientation="vertical"
          class="shrink-0 bg-divider border-none h-full w-divider"
          data-orientation="vertical"
          role="separator"
        />
        <button
          class="z-0 group relative inline-flex items-center justify-center box-border appearance-none select-none whitespace-nowrap font-normal subpixel-antialiased overflow-hidden tap-highlight-transparent outline-none data-[focus-visible=true]:z-10 data-[focus-visible=true]:outline-2 data-[focus-visible=true]:outline-focus data-[focus-visible=true]:outline-offset-2 px-4 min-w-20 h-10 text-small gap-2 [&:not(:first-child):not(:last-child)]:rounded-none [&>svg]:max-w-[theme(spacing.8)] data-[pressed=true]:scale-[0.97] transition-transform-colors-opacity motion-reduce:transition-none bg-default text-default-foreground rounded-none first:rounded-s-medium last:rounded-e-medium data-[hover=true]:opacity-hover"
          type="button"
        >
          Files
        </button>
      </div>
      <button
        class="z-0 group relative inline-flex items-center justify-center box-border appearance-none select-none whitespace-nowrap font-normal subpixel-antialiased overflow-hidden tap-highlight-transparent outline-none data-[focus-visible=true]:z-10 data-[focus-visible=true]:outline-2 data-[focus-visible=true]:outline-focus data-[focus-visible=true]:outline-offset-2 text-small gap-2 rounded-medium px-0 !gap-0 data-[pressed=true]:scale-[0.97] transition-transform-colors-opacity motion-reduce:transition-none bg-default text-default-foreground min-w-10 w-10 h-10 data-[hover=true]:opacity-hover"
        type="button"
      >
        <svg
          aria-hidden="true"
          class="size-6"
          data-slot="icon"
          fill="currentColor"
          viewBox="0 0 20 20"
          xmlns="http://www.w3.org/2000/svg"
        >
          <path
            clip-rule="evenodd"
            d="M5.5 17a4.5 4.5 0 0 1-1.44-8.765 4.5 4.5 0 0 1 8.302-3.046 3.5 3.5 0 0 1 4.504 4.272A4 4 0 0 1 15 17H5.5Zm5.25-9.25a.75.75 0 0 0-1.5 0v4.59l-1.95-2.1a.75.75 0 1 0-1.1 1.02l3.25 3.5a.75.75 0 0 0 1.1 0l3.25-3.5a.75.75 0 1 0-1.1-1.02l-1.95 2.1V7.75Z"
            fill-rule="evenodd"
          />
        </svg>
      </button>
      <div
        class="inline-flex items-center justify-center h-auto"
        role="group"
      >
        <button
          class="z-0 group relative inline-flex items-center justify-center box-border appearance-none select-none whitespace-nowrap font-normal subpixel-antialiased overflow-hidden tap-highlight-transparent outline-none data-[focus-visible=true]:z-10 data-[focus-visible=true]:outline-2 data-[focus-visible=true]:outline-focus data-[focus-visible=true]:outline-offset-2 px-4 min-w-20 h-10 text-small gap-2 [&:not(:first-child):not(:last-child)]:rounded-none [&>svg]:max-w-[theme(spacing.8)] data-[pressed=true]:scale-[0.97] transition-transform-colors-opacity motion-reduce:transition-none bg-default text-default-foreground rounded-none first:rounded-s-medium last:rounded-e-medium data-[hover=true]:opacity-hover"
          type="button"
        >
          Review
        </button>
        <button
          aria-expanded="false"
          aria-haspopup="true"
          class="group relative inline-flex items-center justify-center box-border appearance-none select-none whitespace-nowrap font-normal overflow-hidden tap-highlight-transparent outline-none data-[focus-visible=true]:z-10 data-[focus-visible=true]:outline-2 data-[focus-visible=true]:outline-focus data-[focus-visible=true]:outline-offset-2 text-small gap-2 [&:not(:first-child):not(:last-child)]:rounded-none px-0 !gap-0 data-[pressed=true]:scale-[0.97] transition-transform-colors-opacity motion-reduce:transition-none bg-default text-default-foreground rounded-none first:rounded-s-medium last:rounded-e-medium min-w-10 w-10 h-10 data-[hover=true]:opacity-hover z-10 aria-expanded:scale-[0.97] aria-expanded:opacity-70 subpixel-antialiased"
          data-slot="trigger"
          id="react-aria-:rg:"
          type="button"
        >
          <svg
            aria-hidden="true"
            data-slot="icon"
            fill="currentColor"
            viewBox="0 0 16 16"
            xmlns="http://www.w3.org/2000/svg"
          >
            <path
              clip-rule="evenodd"
              d="M4.22 6.22a.75.75 0 0 1 1.06 0L8 8.94l2.72-2.72a.75.75 0 1 1 1.06 1.06l-3.25 3.25a.75.75 0 0 1-1.06 0L4.22 7.28a.75.75 0 0 1 0-1.06Z"
              fill-rule="evenodd"
            />
          </svg>
        </button>
      </div>
      <div
        class="grow"
      />
      <div
        class="flex-col"
      >
        <h6
          class="text-neutral-400"
        >
          Completion
        </h6>
        <div
          class="relative max-w-fit min-w-min inline-flex items-center justify-between box-border whitespace-nowrap px-1 h-7 text-small rounded-full bg-default text-default-foreground"
        >
          <span
            class="flex-1 text-inherit font-normal px-2"
          >
            Ongoing
          </span>
        </div>
      </div>
      <div
        class="flex-col"
      >
        <h6
          class="text-neutral-400"
        >
          Status
        </h6>
        <div
          class="relative max-w-fit min-w-min inline-flex items-center justify-between box-border whitespace-nowrap px-1 h-7 text-small rounded-full bg-default text-default-foreground"
        >
          <span
            class="flex-1 text-inherit font-normal px-2"
          >
            Open for review
          </span>
        </div>
      </div>
      <div
        class="flex-col"
      >
        <h6
          class="text-neutral-400"
        >
          Created on
        </h6>
        <h6
          class="text-neutral-400"
        >
          16/06/2024
        </h6>
      </div>
    </div>
  </div>
</div>
`;

exports[`BranchCardHeader matches snapshot when status is rejected 1`] = `
<div>
  <div
    class="flex flex-col relative overflow-hidden height-auto text-foreground box-border bg-content1 outline-none data-[focus-visible=true]:z-10 data-[focus-visible=true]:outline-2 data-[focus-visible=true]:outline-focus data-[focus-visible=true]:outline-offset-2 shadow-medium rounded-large transition-transform-background motion-reduce:transition-none"
    tabindex="-1"
  >
    <div
      class="flex p-3 z-10 w-full justify-start items-center shrink-0 overflow-inherit color-inherit subpixel-antialiased rounded-t-large"
    >
      <h1
        class="font-semibold"
      >
        New title
      </h1>
    </div>
    <div
      class="p-3 z-10 w-full justify-start items-center shrink-0 overflow-inherit color-inherit subpixel-antialiased rounded-t-large -mt-4 flex gap-8"
    >
      <div
        class="inline-flex items-center justify-center h-auto"
        role="group"
      >
        <button
          class="z-0 group relative inline-flex items-center justify-center box-border appearance-none select-none whitespace-nowrap font-normal subpixel-antialiased overflow-hidden tap-highlight-transparent outline-none data-[focus-visible=true]:z-10 data-[focus-visible=true]:outline-2 data-[focus-visible=true]:outline-focus data-[focus-visible=true]:outline-offset-2 px-4 min-w-20 h-10 text-small gap-2 opacity-disabled pointer-events-none [&:not(:first-child):not(:last-child)]:rounded-none [&>svg]:max-w-[theme(spacing.8)] data-[pressed=true]:scale-[0.97] transition-transform-colors-opacity motion-reduce:transition-none bg-default text-default-foreground rounded-none first:rounded-s-medium last:rounded-e-medium data-[hover=true]:opacity-hover"
          data-disabled="true"
          disabled=""
          type="button"
        >
          Contents
        </button>
        <div
          aria-orientation="vertical"
          class="shrink-0 bg-divider border-none h-full w-divider"
          data-orientation="vertical"
          role="separator"
        />
        <button
          class="z-0 group relative inline-flex items-center justify-center box-border appearance-none select-none whitespace-nowrap font-normal subpixel-antialiased overflow-hidden tap-highlight-transparent outline-none data-[focus-visible=true]:z-10 data-[focus-visible=true]:outline-2 data-[focus-visible=true]:outline-focus data-[focus-visible=true]:outline-offset-2 px-4 min-w-20 h-10 text-small gap-2 [&:not(:first-child):not(:last-child)]:rounded-none [&>svg]:max-w-[theme(spacing.8)] data-[pressed=true]:scale-[0.97] transition-transform-colors-opacity motion-reduce:transition-none bg-default text-default-foreground rounded-none first:rounded-s-medium last:rounded-e-medium data-[hover=true]:opacity-hover"
          type="button"
        >
          Files
        </button>
      </div>
      <button
        class="z-0 group relative inline-flex items-center justify-center box-border appearance-none select-none whitespace-nowrap font-normal subpixel-antialiased overflow-hidden tap-highlight-transparent outline-none data-[focus-visible=true]:z-10 data-[focus-visible=true]:outline-2 data-[focus-visible=true]:outline-focus data-[focus-visible=true]:outline-offset-2 text-small gap-2 rounded-medium px-0 !gap-0 data-[pressed=true]:scale-[0.97] transition-transform-colors-opacity motion-reduce:transition-none bg-default text-default-foreground min-w-10 w-10 h-10 data-[hover=true]:opacity-hover"
        type="button"
      >
        <svg
          aria-hidden="true"
          class="size-6"
          data-slot="icon"
          fill="currentColor"
          viewBox="0 0 20 20"
          xmlns="http://www.w3.org/2000/svg"
        >
          <path
            clip-rule="evenodd"
            d="M5.5 17a4.5 4.5 0 0 1-1.44-8.765 4.5 4.5 0 0 1 8.302-3.046 3.5 3.5 0 0 1 4.504 4.272A4 4 0 0 1 15 17H5.5Zm5.25-9.25a.75.75 0 0 0-1.5 0v4.59l-1.95-2.1a.75.75 0 1 0-1.1 1.02l3.25 3.5a.75.75 0 0 0 1.1 0l3.25-3.5a.75.75 0 1 0-1.1-1.02l-1.95 2.1V7.75Z"
            fill-rule="evenodd"
          />
        </svg>
      </button>
      <div
        class="inline-flex items-center justify-center h-auto"
        role="group"
      >
        <button
          class="z-0 group relative inline-flex items-center justify-center box-border appearance-none select-none whitespace-nowrap font-normal subpixel-antialiased overflow-hidden tap-highlight-transparent outline-none data-[focus-visible=true]:z-10 data-[focus-visible=true]:outline-2 data-[focus-visible=true]:outline-focus data-[focus-visible=true]:outline-offset-2 px-4 min-w-20 h-10 text-small gap-2 [&:not(:first-child):not(:last-child)]:rounded-none [&>svg]:max-w-[theme(spacing.8)] data-[pressed=true]:scale-[0.97] transition-transform-colors-opacity motion-reduce:transition-none bg-default text-default-foreground rounded-none first:rounded-s-medium last:rounded-e-medium data-[hover=true]:opacity-hover"
          type="button"
        >
          Contribute
        </button>
        <button
          aria-expanded="false"
          aria-haspopup="true"
          class="group relative inline-flex items-center justify-center box-border appearance-none select-none whitespace-nowrap font-normal overflow-hidden tap-highlight-transparent outline-none data-[focus-visible=true]:z-10 data-[focus-visible=true]:outline-2 data-[focus-visible=true]:outline-focus data-[focus-visible=true]:outline-offset-2 text-small gap-2 [&:not(:first-child):not(:last-child)]:rounded-none px-0 !gap-0 data-[pressed=true]:scale-[0.97] transition-transform-colors-opacity motion-reduce:transition-none bg-default text-default-foreground rounded-none first:rounded-s-medium last:rounded-e-medium min-w-10 w-10 h-10 data-[hover=true]:opacity-hover z-10 aria-expanded:scale-[0.97] aria-expanded:opacity-70 subpixel-antialiased"
          data-slot="trigger"
          id="react-aria-:ra:"
          type="button"
        >
          <svg
            aria-hidden="true"
            data-slot="icon"
            fill="currentColor"
            viewBox="0 0 16 16"
            xmlns="http://www.w3.org/2000/svg"
          >
            <path
              clip-rule="evenodd"
              d="M4.22 6.22a.75.75 0 0 1 1.06 0L8 8.94l2.72-2.72a.75.75 0 1 1 1.06 1.06l-3.25 3.25a.75.75 0 0 1-1.06 0L4.22 7.28a.75.75 0 0 1 0-1.06Z"
              fill-rule="evenodd"
            />
          </svg>
        </button>
      </div>
      <div
        class="grow"
      />
      <div
        class="flex-col"
      >
        <h6
          class="text-neutral-400"
        >
          Completion
        </h6>
        <div
          class="relative max-w-fit min-w-min inline-flex items-center justify-between box-border whitespace-nowrap px-1 h-7 text-small rounded-full bg-default text-default-foreground"
        >
          <span
            class="flex-1 text-inherit font-normal px-2"
          >
            Ongoing
          </span>
        </div>
      </div>
      <div
        class="flex-col"
      >
        <h6
          class="text-neutral-400"
        >
          Status
        </h6>
        <div
          class="relative max-w-fit min-w-min inline-flex items-center justify-between box-border whitespace-nowrap px-1 h-7 text-small rounded-full bg-default text-default-foreground"
        >
          <span
            class="flex-1 text-inherit font-normal px-2"
          >
            Revision needed
          </span>
        </div>
      </div>
      <div
        class="flex-col"
      >
        <h6
          class="text-neutral-400"
        >
          Created on 
          16/06/2024
        </h6>
        <h6
          class="text-neutral-400"
        >
          Rejected on 16/06/2024
        </h6>
      </div>
    </div>
  </div>
</div>
`;
