// Jest Snapshot v1, https://goo.gl/fbAQLP

exports[`PostCardMini matches snapshot 1`] = `
<div>
  <button
    class="flex flex-col relative overflow-hidden height-auto text-foreground box-border bg-content1 outline-none data-[focus-visible=true]:z-10 data-[focus-visible=true]:outline-2 data-[focus-visible=true]:outline-focus data-[focus-visible=true]:outline-offset-2 shadow-medium rounded-large w-full cursor-pointer transition-transform-background motion-reduce:transition-none data-[pressed=true]:scale-[0.97] tap-highlight-transparent"
    role="button"
    type="button"
  >
    <div
      class="relative flex w-full p-3 flex-auto flex-col place-content-inherit align-items-inherit h-auto break-words text-left overflow-y-auto subpixel-antialiased"
    >
      <h2>
        Post title
      </h2>
    </div>
    <div
      class="p-3 h-auto flex w-full items-center overflow-hidden color-inherit subpixel-antialiased rounded-b-large"
    >
      <div
        class="relative max-w-fit min-w-min inline-flex items-center justify-between box-border whitespace-nowrap px-1 h-7 text-small rounded-full bg-default text-default-foreground"
      >
        <span
          class="flex-1 text-inherit font-normal px-2"
        >
          Reviewed
        </span>
      </div>
    </div>
  </button>
</div>
`;
